Frontend uses Babel standalone (runtime transpilation) — no compile step needed.
Starting Flask dev server on port 5001...
/home/d4sharma/miniconda3/envs/qiita-web/lib/python3.9/site-packages/qiita_core/configuration_manager.py:267: UserWarning: Using the github fake email for HELP_EMAIL, are you sure this is OK?
  warnings.warn(
/home/d4sharma/miniconda3/envs/qiita-web/lib/python3.9/site-packages/qiita_core/configuration_manager.py:280: UserWarning: Using the github fake email for SYSADMIN_EMAIL, are you sure this is OK?
  warnings.warn(
QIITA SEARCH API -- http://localhost:5001
 * Serving Flask app 'run'
 * Debug mode: off
[31m[1mWARNING: This is a development server. Do not use it in a production deployment. Use a production WSGI server instead.[0m
 * Running on all addresses (0.0.0.0)
 * Running on http://127.0.0.1:5001
 * Running on http://169.228.46.103:5001
[33mPress CTRL+C to quit[0m
Frontend uses Babel standalone (runtime transpilation) — no compile step needed.
Starting Flask dev server on port 5001...
/home/d4sharma/miniconda3/envs/qiita-web/lib/python3.9/site-packages/qiita_core/configuration_manager.py:267: UserWarning: Using the github fake email for HELP_EMAIL, are you sure this is OK?
  warnings.warn(
/home/d4sharma/miniconda3/envs/qiita-web/lib/python3.9/site-packages/qiita_core/configuration_manager.py:280: UserWarning: Using the github fake email for SYSADMIN_EMAIL, are you sure this is OK?
  warnings.warn(
QIITA SEARCH API -- http://localhost:5001
 * Serving Flask app 'run'
 * Debug mode: off
[31m[1mWARNING: This is a development server. Do not use it in a production deployment. Use a production WSGI server instead.[0m
 * Running on all addresses (0.0.0.0)
 * Running on http://127.0.0.1:5001
 * Running on http://169.228.46.103:5001
[33mPress CTRL+C to quit[0m
127.0.0.1 - - [14/May/2026 11:46:55] "[33mGET / HTTP/1.1[0m" 404 -
127.0.0.1 - - [14/May/2026 11:46:55] "[33mGET / HTTP/1.1[0m" 404 -
127.0.0.1 - - [14/May/2026 11:46:56] "[33mGET / HTTP/1.1[0m" 404 -
127.0.0.1 - - [14/May/2026 11:47:09] "[33mGET / HTTP/1.1[0m" 404 -
127.0.0.1 - - [14/May/2026 11:47:09] "[33mGET / HTTP/1.1[0m" 404 -
127.0.0.1 - - [14/May/2026 11:48:23] "[33mGET / HTTP/1.1[0m" 404 -
127.0.0.1 - - [14/May/2026 11:48:23] "[33mGET / HTTP/1.1[0m" 404 -
127.0.0.1 - - [14/May/2026 11:48:24] "[33mGET / HTTP/1.1[0m" 404 -
127.0.0.1 - - [14/May/2026 11:48:25] "[33mGET / HTTP/1.1[0m" 404 -
127.0.0.1 - - [14/May/2026 11:48:26] "[33mGET / HTTP/1.1[0m" 404 -
127.0.0.1 - - [14/May/2026 11:48:28] "[33mGET / HTTP/1.1[0m" 404 -
127.0.0.1 - - [14/May/2026 11:48:28] "[33mGET / HTTP/1.1[0m" 404 -
127.0.0.1 - - [14/May/2026 11:48:29] "[33mGET / HTTP/1.1[0m" 404 -
127.0.0.1 - - [14/May/2026 11:48:34] "[33mGET / HTTP/1.1[0m" 404 -
127.0.0.1 - - [14/May/2026 11:48:35] "[33mGET / HTTP/1.1[0m" 404 -
127.0.0.1 - - [14/May/2026 11:48:37] "[33mGET / HTTP/1.1[0m" 404 -
127.0.0.1 - - [14/May/2026 11:48:39] "[33mGET / HTTP/1.1[0m" 404 -
127.0.0.1 - - [14/May/2026 11:48:41] "[33mGET / HTTP/1.1[0m" 404 -
127.0.0.1 - - [14/May/2026 11:48:45] "[33mGET / HTTP/1.1[0m" 404 -
127.0.0.1 - - [14/May/2026 11:48:46] "[33mGET / HTTP/1.1[0m" 404 -
127.0.0.1 - - [14/May/2026 11:48:48] "[33mGET / HTTP/1.1[0m" 404 -
127.0.0.1 - - [14/May/2026 11:48:48] "[33mGET / HTTP/1.1[0m" 404 -
127.0.0.1 - - [14/May/2026 11:48:49] "[33mGET / HTTP/1.1[0m" 404 -
127.0.0.1 - - [14/May/2026 11:48:49] "[33mGET / HTTP/1.1[0m" 404 -
127.0.0.1 - - [14/May/2026 11:48:50] "[33mGET / HTTP/1.1[0m" 404 -
127.0.0.1 - - [14/May/2026 11:48:59] "[33mGET / HTTP/1.1[0m" 404 -
127.0.0.1 - - [14/May/2026 11:48:59] "[33mGET /favicon.ico HTTP/1.1[0m" 404 -
127.0.0.1 - - [14/May/2026 11:49:00] "[33mGET / HTTP/1.1[0m" 404 -
127.0.0.1 - - [14/May/2026 11:49:00] "[33mGET / HTTP/1.1[0m" 404 -
127.0.0.1 - - [14/May/2026 11:49:06] "[33mGET / HTTP/1.1[0m" 404 -
127.0.0.1 - - [14/May/2026 11:49:08] "[33mGET / HTTP/1.1[0m" 404 -
127.0.0.1 - - [14/May/2026 11:49:08] "[33mGET / HTTP/1.1[0m" 404 -
127.0.0.1 - - [14/May/2026 11:50:15] "[33mGET / HTTP/1.1[0m" 404 -
Frontend uses Babel standalone (runtime transpilation) — no compile step needed.
Starting Flask dev server on port 5001...
/home/d4sharma/miniconda3/envs/qiita-web/lib/python3.9/site-packages/qiita_core/configuration_manager.py:267: UserWarning: Using the github fake email for HELP_EMAIL, are you sure this is OK?
  warnings.warn(
/home/d4sharma/miniconda3/envs/qiita-web/lib/python3.9/site-packages/qiita_core/configuration_manager.py:280: UserWarning: Using the github fake email for SYSADMIN_EMAIL, are you sure this is OK?
  warnings.warn(
QIITA SEARCH API -- http://localhost:5001
 * Serving Flask app 'run'
 * Debug mode: off
[31m[1mWARNING: This is a development server. Do not use it in a production deployment. Use a production WSGI server instead.[0m
 * Running on all addresses (0.0.0.0)
 * Running on http://127.0.0.1:5001
 * Running on http://169.228.46.103:5001
[33mPress CTRL+C to quit[0m
127.0.0.1 - - [14/May/2026 11:52:14] "[33mGET / HTTP/1.1[0m" 404 -
127.0.0.1 - - [14/May/2026 11:52:15] "[33mGET / HTTP/1.1[0m" 404 -
127.0.0.1 - - [14/May/2026 11:52:15] "[33mGET / HTTP/1.1[0m" 404 -
127.0.0.1 - - [14/May/2026 11:52:15] "[33mGET / HTTP/1.1[0m" 404 -
127.0.0.1 - - [14/May/2026 11:52:15] "[33mGET / HTTP/1.1[0m" 404 -
127.0.0.1 - - [14/May/2026 11:52:16] "[33mGET / HTTP/1.1[0m" 404 -
127.0.0.1 - - [14/May/2026 11:52:16] "[33mGET / HTTP/1.1[0m" 404 -
127.0.0.1 - - [14/May/2026 11:52:16] "[33mGET / HTTP/1.1[0m" 404 -
127.0.0.1 - - [14/May/2026 11:52:16] "[33mGET / HTTP/1.1[0m" 404 -
127.0.0.1 - - [14/May/2026 11:52:29] "[33mGET / HTTP/1.1[0m" 404 -
Frontend uses Babel standalone (runtime transpilation) — no compile step needed.
Starting Flask dev server on port 5001...
/home/d4sharma/miniconda3/envs/qiita-web/lib/python3.9/site-packages/qiita_core/configuration_manager.py:267: UserWarning: Using the github fake email for HELP_EMAIL, are you sure this is OK?
  warnings.warn(
/home/d4sharma/miniconda3/envs/qiita-web/lib/python3.9/site-packages/qiita_core/configuration_manager.py:280: UserWarning: Using the github fake email for SYSADMIN_EMAIL, are you sure this is OK?
  warnings.warn(
QIITA SEARCH API -- http://localhost:5001
 * Serving Flask app 'run'
 * Debug mode: off
[31m[1mWARNING: This is a development server. Do not use it in a production deployment. Use a production WSGI server instead.[0m
 * Running on all addresses (0.0.0.0)
 * Running on http://127.0.0.1:5001
 * Running on http://169.228.46.103:5001
[33mPress CTRL+C to quit[0m
Frontend uses Babel standalone (runtime transpilation) — no compile step needed.
Starting Flask dev server on port 5001...
/home/d4sharma/miniconda3/envs/qiita-web/lib/python3.9/site-packages/qiita_core/configuration_manager.py:267: UserWarning: Using the github fake email for HELP_EMAIL, are you sure this is OK?
  warnings.warn(
/home/d4sharma/miniconda3/envs/qiita-web/lib/python3.9/site-packages/qiita_core/configuration_manager.py:280: UserWarning: Using the github fake email for SYSADMIN_EMAIL, are you sure this is OK?
  warnings.warn(
QIITA SEARCH API -- http://localhost:5001
 * Serving Flask app 'run'
 * Debug mode: off
[31m[1mWARNING: This is a development server. Do not use it in a production deployment. Use a production WSGI server instead.[0m
 * Running on all addresses (0.0.0.0)
 * Running on http://127.0.0.1:5001
 * Running on http://169.228.46.103:5001
[33mPress CTRL+C to quit[0m
127.0.0.1 - - [14/May/2026 11:55:52] "[33mGET / HTTP/1.1[0m" 404 -
127.0.0.1 - - [14/May/2026 11:56:05] "[33mGET / HTTP/1.1[0m" 404 -
127.0.0.1 - - [14/May/2026 11:56:21] "[33mGET / HTTP/1.1[0m" 404 -
127.0.0.1 - - [14/May/2026 11:56:22] "[33mGET / HTTP/1.1[0m" 404 -
127.0.0.1 - - [14/May/2026 11:56:34] "[33mGET / HTTP/1.1[0m" 404 -
127.0.0.1 - - [14/May/2026 12:05:19] "GET /api/health HTTP/1.1" 200 -
Frontend uses Babel standalone (runtime transpilation) — no compile step needed.
Starting Flask dev server on port 5001...
/home/d4sharma/miniconda3/envs/qiita-web/lib/python3.9/site-packages/qiita_core/configuration_manager.py:267: UserWarning: Using the github fake email for HELP_EMAIL, are you sure this is OK?
  warnings.warn(
/home/d4sharma/miniconda3/envs/qiita-web/lib/python3.9/site-packages/qiita_core/configuration_manager.py:280: UserWarning: Using the github fake email for SYSADMIN_EMAIL, are you sure this is OK?
  warnings.warn(
QIITA SEARCH API -- http://localhost:5001
 * Serving Flask app 'run'
 * Debug mode: off
[31m[1mWARNING: This is a development server. Do not use it in a production deployment. Use a production WSGI server instead.[0m
 * Running on all addresses (0.0.0.0)
 * Running on http://127.0.0.1:5001
 * Running on http://169.228.46.103:5001
[33mPress CTRL+C to quit[0m
127.0.0.1 - - [14/May/2026 12:06:22] "[33mGET / HTTP/1.1[0m" 404 -
Frontend uses Babel standalone (runtime transpilation) — no compile step needed.
Starting gunicorn on port 5001 (4 workers, 2 threads each)...
[2026-05-14 12:08:00 -0700] [28181] [INFO] Starting gunicorn 21.2.0
[2026-05-14 12:08:00 -0700] [28181] [INFO] Listening at: http://0.0.0.0:5001 (28181)
[2026-05-14 12:08:00 -0700] [28181] [INFO] Using worker: gthread
[2026-05-14 12:08:00 -0700] [28262] [INFO] Booting worker with pid: 28262
[2026-05-14 12:08:00 -0700] [28263] [INFO] Booting worker with pid: 28263
[2026-05-14 12:08:00 -0700] [28264] [INFO] Booting worker with pid: 28264
[2026-05-14 12:08:00 -0700] [28265] [INFO] Booting worker with pid: 28265
/home/d4sharma/miniconda3/envs/qiita-web/lib/python3.9/site-packages/qiita_core/configuration_manager.py:267: UserWarning: Using the github fake email for HELP_EMAIL, are you sure this is OK?
  warnings.warn(
/home/d4sharma/miniconda3/envs/qiita-web/lib/python3.9/site-packages/qiita_core/configuration_manager.py:280: UserWarning: Using the github fake email for SYSADMIN_EMAIL, are you sure this is OK?
  warnings.warn(
/home/d4sharma/miniconda3/envs/qiita-web/lib/python3.9/site-packages/qiita_core/configuration_manager.py:267: UserWarning: Using the github fake email for HELP_EMAIL, are you sure this is OK?
  warnings.warn(
/home/d4sharma/miniconda3/envs/qiita-web/lib/python3.9/site-packages/qiita_core/configuration_manager.py:280: UserWarning: Using the github fake email for SYSADMIN_EMAIL, are you sure this is OK?
  warnings.warn(
/home/d4sharma/miniconda3/envs/qiita-web/lib/python3.9/site-packages/qiita_core/configuration_manager.py:267: UserWarning: Using the github fake email for HELP_EMAIL, are you sure this is OK?
  warnings.warn(
/home/d4sharma/miniconda3/envs/qiita-web/lib/python3.9/site-packages/qiita_core/configuration_manager.py:280: UserWarning: Using the github fake email for SYSADMIN_EMAIL, are you sure this is OK?
  warnings.warn(
/home/d4sharma/miniconda3/envs/qiita-web/lib/python3.9/site-packages/qiita_core/configuration_manager.py:267: UserWarning: Using the github fake email for HELP_EMAIL, are you sure this is OK?
  warnings.warn(
/home/d4sharma/miniconda3/envs/qiita-web/lib/python3.9/site-packages/qiita_core/configuration_manager.py:280: UserWarning: Using the github fake email for SYSADMIN_EMAIL, are you sure this is OK?
  warnings.warn(
[2026-05-19 11:22:21 -0700] [28181] [INFO] Handling signal: term
[2026-05-19 11:22:21 -0700] [28262] [INFO] Worker exiting (pid: 28262)
[2026-05-19 11:22:22 -0700] [28264] [INFO] Worker exiting (pid: 28264)
[2026-05-19 11:22:22 -0700] [28263] [INFO] Worker exiting (pid: 28263)
[2026-05-19 11:22:22 -0700] [28265] [INFO] Worker exiting (pid: 28265)
[2026-05-19 11:22:22 -0700] [28181] [INFO] Shutting down: Master
Frontend uses Babel standalone (runtime transpilation) — no compile step needed.
Starting gunicorn on port 5001 (4 workers, 2 threads each)...
[2026-05-19 11:22:28 -0700] [4804] [INFO] Starting gunicorn 21.2.0
[2026-05-19 11:22:28 -0700] [4804] [INFO] Listening at: http://0.0.0.0:5001 (4804)
[2026-05-19 11:22:28 -0700] [4804] [INFO] Using worker: gthread
[2026-05-19 11:22:28 -0700] [4895] [INFO] Booting worker with pid: 4895
[2026-05-19 11:22:29 -0700] [4896] [INFO] Booting worker with pid: 4896
[2026-05-19 11:22:29 -0700] [4897] [INFO] Booting worker with pid: 4897
[2026-05-19 11:22:29 -0700] [4898] [INFO] Booting worker with pid: 4898
/home/d4sharma/miniconda3/envs/qiita-web/lib/python3.9/site-packages/qiita_core/configuration_manager.py:267: UserWarning: Using the github fake email for HELP_EMAIL, are you sure this is OK?
  warnings.warn(
/home/d4sharma/miniconda3/envs/qiita-web/lib/python3.9/site-packages/qiita_core/configuration_manager.py:280: UserWarning: Using the github fake email for SYSADMIN_EMAIL, are you sure this is OK?
  warnings.warn(
/home/d4sharma/miniconda3/envs/qiita-web/lib/python3.9/site-packages/qiita_core/configuration_manager.py:267: UserWarning: Using the github fake email for HELP_EMAIL, are you sure this is OK?
  warnings.warn(
/home/d4sharma/miniconda3/envs/qiita-web/lib/python3.9/site-packages/qiita_core/configuration_manager.py:280: UserWarning: Using the github fake email for SYSADMIN_EMAIL, are you sure this is OK?
  warnings.warn(
/home/d4sharma/miniconda3/envs/qiita-web/lib/python3.9/site-packages/qiita_core/configuration_manager.py:267: UserWarning: Using the github fake email for HELP_EMAIL, are you sure this is OK?
  warnings.warn(
/home/d4sharma/miniconda3/envs/qiita-web/lib/python3.9/site-packages/qiita_core/configuration_manager.py:280: UserWarning: Using the github fake email for SYSADMIN_EMAIL, are you sure this is OK?
  warnings.warn(
/home/d4sharma/miniconda3/envs/qiita-web/lib/python3.9/site-packages/qiita_core/configuration_manager.py:267: UserWarning: Using the github fake email for HELP_EMAIL, are you sure this is OK?
  warnings.warn(
/home/d4sharma/miniconda3/envs/qiita-web/lib/python3.9/site-packages/qiita_core/configuration_manager.py:280: UserWarning: Using the github fake email for SYSADMIN_EMAIL, are you sure this is OK?
  warnings.warn(
[2026-05-19 12:00:02 -0700] [4804] [INFO] Handling signal: term
[2026-05-19 12:00:03 -0700] [4895] [INFO] Worker exiting (pid: 4895)
[2026-05-19 12:00:03 -0700] [4896] [INFO] Worker exiting (pid: 4896)
[2026-05-19 12:00:03 -0700] [4897] [INFO] Worker exiting (pid: 4897)
[2026-05-19 12:00:03 -0700] [4898] [INFO] Worker exiting (pid: 4898)
[2026-05-19 12:00:03 -0700] [4804] [INFO] Shutting down: Master
Frontend uses Babel standalone (runtime transpilation) — no compile step needed.
Starting gunicorn on port 5001 (4 workers, 2 threads each)...
[2026-05-19 12:00:09 -0700] [11419] [INFO] Starting gunicorn 21.2.0
[2026-05-19 12:00:09 -0700] [11419] [INFO] Listening at: http://0.0.0.0:5001 (11419)
[2026-05-19 12:00:09 -0700] [11419] [INFO] Using worker: gthread
[2026-05-19 12:00:09 -0700] [11503] [INFO] Booting worker with pid: 11503
[2026-05-19 12:00:09 -0700] [11504] [INFO] Booting worker with pid: 11504
[2026-05-19 12:00:09 -0700] [11505] [INFO] Booting worker with pid: 11505
[2026-05-19 12:00:09 -0700] [11506] [INFO] Booting worker with pid: 11506
/home/d4sharma/miniconda3/envs/qiita-web/lib/python3.9/site-packages/qiita_core/configuration_manager.py:267: UserWarning: Using the github fake email for HELP_EMAIL, are you sure this is OK?
  warnings.warn(
/home/d4sharma/miniconda3/envs/qiita-web/lib/python3.9/site-packages/qiita_core/configuration_manager.py:280: UserWarning: Using the github fake email for SYSADMIN_EMAIL, are you sure this is OK?
  warnings.warn(
/home/d4sharma/miniconda3/envs/qiita-web/lib/python3.9/site-packages/qiita_core/configuration_manager.py:267: UserWarning: Using the github fake email for HELP_EMAIL, are you sure this is OK?
  warnings.warn(
/home/d4sharma/miniconda3/envs/qiita-web/lib/python3.9/site-packages/qiita_core/configuration_manager.py:280: UserWarning: Using the github fake email for SYSADMIN_EMAIL, are you sure this is OK?
  warnings.warn(
/home/d4sharma/miniconda3/envs/qiita-web/lib/python3.9/site-packages/qiita_core/configuration_manager.py:267: UserWarning: Using the github fake email for HELP_EMAIL, are you sure this is OK?
  warnings.warn(
/home/d4sharma/miniconda3/envs/qiita-web/lib/python3.9/site-packages/qiita_core/configuration_manager.py:267: UserWarning: Using the github fake email for HELP_EMAIL, are you sure this is OK?
  warnings.warn(
/home/d4sharma/miniconda3/envs/qiita-web/lib/python3.9/site-packages/qiita_core/configuration_manager.py:280: UserWarning: Using the github fake email for SYSADMIN_EMAIL, are you sure this is OK?
  warnings.warn(
/home/d4sharma/miniconda3/envs/qiita-web/lib/python3.9/site-packages/qiita_core/configuration_manager.py:280: UserWarning: Using the github fake email for SYSADMIN_EMAIL, are you sure this is OK?
  warnings.warn(
[2026-05-28 00:25:36 -0700] [11419] [INFO] Handling signal: hup
[2026-05-28 00:25:36 -0700] [11419] [INFO] Hang up: Master
[2026-05-28 00:25:36 -0700] [42632] [INFO] Booting worker with pid: 42632
[2026-05-28 00:25:36 -0700] [42633] [INFO] Booting worker with pid: 42633
[2026-05-28 00:25:36 -0700] [42635] [INFO] Booting worker with pid: 42635
[2026-05-28 00:25:36 -0700] [42634] [INFO] Booting worker with pid: 42634
[2026-05-28 00:25:36 -0700] [42635] [ERROR] Exception in worker process
Traceback (most recent call last):
  File "/home/d4sharma/miniconda3/envs/qiita-web/lib/python3.9/site-packages/gunicorn/arbiter.py", line 609, in spawn_worker
    worker.init_process()
  File "/home/d4sharma/miniconda3/envs/qiita-web/lib/python3.9/site-packages/gunicorn/workers/gthread.py", line 95, in init_process
    super().init_process()
  File "/home/d4sharma/miniconda3/envs/qiita-web/lib/python3.9/site-packages/gunicorn/workers/base.py", line 134, in init_process
    self.load_wsgi()
  File "/home/d4sharma/miniconda3/envs/qiita-web/lib/python3.9/site-packages/gunicorn/workers/base.py", line 146, in load_wsgi
    self.wsgi = self.app.wsgi()
  File "/home/d4sharma/miniconda3/envs/qiita-web/lib/python3.9/site-packages/gunicorn/app/base.py", line 67, in wsgi
    self.callable = self.load()
  File "/home/d4sharma/miniconda3/envs/qiita-web/lib/python3.9/site-packages/gunicorn/app/wsgiapp.py", line 58, in load
    return self.load_wsgiapp()
  File "/home/d4sharma/miniconda3/envs/qiita-web/lib/python3.9/site-packages/gunicorn/app/wsgiapp.py", line 48, in load_wsgiapp
    return util.import_app(self.app_uri)
  File "/home/d4sharma/miniconda3/envs/qiita-web/lib/python3.9/site-packages/gunicorn/util.py", line 371, in import_app
    mod = importlib.import_module(module)
  File "/home/d4sharma/miniconda3/envs/qiita-web/lib/python3.9/importlib/__init__.py", line 127, in import_module
    return _bootstrap._gcd_import(name[level:], package, level)
  File "<frozen importlib._bootstrap>", line 1030, in _gcd_import
  File "<frozen importlib._bootstrap>", line 1007, in _find_and_load
  File "<frozen importlib._bootstrap>", line 984, in _find_and_load_unlocked
ModuleNotFoundError: No module named 'run'
[2026-05-28 00:25:36 -0700] [42635] [INFO] Worker exiting (pid: 42635)
[2026-05-28 00:25:36 -0700] [42633] [ERROR] Exception in worker process
Traceback (most recent call last):
  File "/home/d4sharma/miniconda3/envs/qiita-web/lib/python3.9/site-packages/gunicorn/arbiter.py", line 609, in spawn_worker
    worker.init_process()
  File "/home/d4sharma/miniconda3/envs/qiita-web/lib/python3.9/site-packages/gunicorn/workers/gthread.py", line 95, in init_process
    super().init_process()
  File "/home/d4sharma/miniconda3/envs/qiita-web/lib/python3.9/site-packages/gunicorn/workers/base.py", line 134, in init_process
    self.load_wsgi()
  File "/home/d4sharma/miniconda3/envs/qiita-web/lib/python3.9/site-packages/gunicorn/workers/base.py", line 146, in load_wsgi
    self.wsgi = self.app.wsgi()
  File "/home/d4sharma/miniconda3/envs/qiita-web/lib/python3.9/site-packages/gunicorn/app/base.py", line 67, in wsgi
    self.callable = self.load()
  File "/home/d4sharma/miniconda3/envs/qiita-web/lib/python3.9/site-packages/gunicorn/app/wsgiapp.py", line 58, in load
    return self.load_wsgiapp()
  File "/home/d4sharma/miniconda3/envs/qiita-web/lib/python3.9/site-packages/gunicorn/app/wsgiapp.py", line 48, in load_wsgiapp
    return util.import_app(self.app_uri)
  File "/home/d4sharma/miniconda3/envs/qiita-web/lib/python3.9/site-packages/gunicorn/util.py", line 371, in import_app
    mod = importlib.import_module(module)
  File "/home/d4sharma/miniconda3/envs/qiita-web/lib/python3.9/importlib/__init__.py", line 127, in import_module
    return _bootstrap._gcd_import(name[level:], package, level)
  File "<frozen importlib._bootstrap>", line 1030, in _gcd_import
  File "<frozen importlib._bootstrap>", line 1007, in _find_and_load
  File "<frozen importlib._bootstrap>", line 984, in _find_and_load_unlocked
ModuleNotFoundError: No module named 'run'
[2026-05-28 00:25:36 -0700] [42634] [ERROR] Exception in worker process
Traceback (most recent call last):
  File "/home/d4sharma/miniconda3/envs/qiita-web/lib/python3.9/site-packages/gunicorn/arbiter.py", line 609, in spawn_worker
    worker.init_process()
  File "/home/d4sharma/miniconda3/envs/qiita-web/lib/python3.9/site-packages/gunicorn/workers/gthread.py", line 95, in init_process
    super().init_process()
  File "/home/d4sharma/miniconda3/envs/qiita-web/lib/python3.9/site-packages/gunicorn/workers/base.py", line 134, in init_process
    self.load_wsgi()
  File "/home/d4sharma/miniconda3/envs/qiita-web/lib/python3.9/site-packages/gunicorn/workers/base.py", line 146, in load_wsgi
    self.wsgi = self.app.wsgi()
  File "/home/d4sharma/miniconda3/envs/qiita-web/lib/python3.9/site-packages/gunicorn/app/base.py", line 67, in wsgi
    self.callable = self.load()
  File "/home/d4sharma/miniconda3/envs/qiita-web/lib/python3.9/site-packages/gunicorn/app/wsgiapp.py", line 58, in load
    return self.load_wsgiapp()
  File "/home/d4sharma/miniconda3/envs/qiita-web/lib/python3.9/site-packages/gunicorn/app/wsgiapp.py", line 48, in load_wsgiapp
    return util.import_app(self.app_uri)
  File "/home/d4sharma/miniconda3/envs/qiita-web/lib/python3.9/site-packages/gunicorn/util.py", line 371, in import_app
    mod = importlib.import_module(module)
  File "/home/d4sharma/miniconda3/envs/qiita-web/lib/python3.9/importlib/__init__.py", line 127, in import_module
    return _bootstrap._gcd_import(name[level:], package, level)
  File "<frozen importlib._bootstrap>", line 1030, in _gcd_import
  File "<frozen importlib._bootstrap>", line 1007, in _find_and_load
  File "<frozen importlib._bootstrap>", line 984, in _find_and_load_unlocked
ModuleNotFoundError: No module named 'run'
[2026-05-28 00:25:36 -0700] [42633] [INFO] Worker exiting (pid: 42633)
[2026-05-28 00:25:36 -0700] [42634] [INFO] Worker exiting (pid: 42634)
[2026-05-28 00:25:36 -0700] [42632] [ERROR] Exception in worker process
Traceback (most recent call last):
  File "/home/d4sharma/miniconda3/envs/qiita-web/lib/python3.9/site-packages/gunicorn/arbiter.py", line 609, in spawn_worker
    worker.init_process()
  File "/home/d4sharma/miniconda3/envs/qiita-web/lib/python3.9/site-packages/gunicorn/workers/gthread.py", line 95, in init_process
    super().init_process()
  File "/home/d4sharma/miniconda3/envs/qiita-web/lib/python3.9/site-packages/gunicorn/workers/base.py", line 134, in init_process
    self.load_wsgi()
  File "/home/d4sharma/miniconda3/envs/qiita-web/lib/python3.9/site-packages/gunicorn/workers/base.py", line 146, in load_wsgi
    self.wsgi = self.app.wsgi()
  File "/home/d4sharma/miniconda3/envs/qiita-web/lib/python3.9/site-packages/gunicorn/app/base.py", line 67, in wsgi
    self.callable = self.load()
  File "/home/d4sharma/miniconda3/envs/qiita-web/lib/python3.9/site-packages/gunicorn/app/wsgiapp.py", line 58, in load
    return self.load_wsgiapp()
  File "/home/d4sharma/miniconda3/envs/qiita-web/lib/python3.9/site-packages/gunicorn/app/wsgiapp.py", line 48, in load_wsgiapp
    return util.import_app(self.app_uri)
  File "/home/d4sharma/miniconda3/envs/qiita-web/lib/python3.9/site-packages/gunicorn/util.py", line 371, in import_app
    mod = importlib.import_module(module)
  File "/home/d4sharma/miniconda3/envs/qiita-web/lib/python3.9/importlib/__init__.py", line 127, in import_module
    return _bootstrap._gcd_import(name[level:], package, level)
  File "<frozen importlib._bootstrap>", line 1030, in _gcd_import
  File "<frozen importlib._bootstrap>", line 1007, in _find_and_load
  File "<frozen importlib._bootstrap>", line 984, in _find_and_load_unlocked
ModuleNotFoundError: No module named 'run'
[2026-05-28 00:25:36 -0700] [42632] [INFO] Worker exiting (pid: 42632)
[2026-05-28 00:25:36 -0700] [11419] [ERROR] Worker (pid:42632) exited with code 3
[2026-05-28 00:25:36 -0700] [11503] [INFO] Worker exiting (pid: 11503)
[2026-05-28 00:25:36 -0700] [11506] [INFO] Worker exiting (pid: 11506)
[2026-05-28 00:25:36 -0700] [11505] [INFO] Worker exiting (pid: 11505)
[2026-05-28 00:25:36 -0700] [11504] [INFO] Worker exiting (pid: 11504)
[2026-05-28 00:25:36 -0700] [11419] [ERROR] Worker (pid:42633) exited with code 3
Traceback (most recent call last):
  File "/home/d4sharma/miniconda3/envs/qiita-web/lib/python3.9/site-packages/gunicorn/arbiter.py", line 209, in run
    self.sleep()
  File "/home/d4sharma/miniconda3/envs/qiita-web/lib/python3.9/site-packages/gunicorn/arbiter.py", line 360, in sleep
    ready = select.select([self.PIPE[0]], [], [], 1.0)
  File "/home/d4sharma/miniconda3/envs/qiita-web/lib/python3.9/site-packages/gunicorn/arbiter.py", line 242, in handle_chld
    self.reap_workers()
  File "/home/d4sharma/miniconda3/envs/qiita-web/lib/python3.9/site-packages/gunicorn/arbiter.py", line 530, in reap_workers
    raise HaltServer(reason, self.WORKER_BOOT_ERROR)
gunicorn.errors.HaltServer: <HaltServer 'Worker failed to boot.' 3>

During handling of the above exception, another exception occurred:

Traceback (most recent call last):
  File "/home/d4sharma/miniconda3/envs/qiita-web/bin/gunicorn", line 7, in <module>
    sys.exit(run())
  File "/home/d4sharma/miniconda3/envs/qiita-web/lib/python3.9/site-packages/gunicorn/app/wsgiapp.py", line 67, in run
    WSGIApplication("%(prog)s [OPTIONS] [APP_MODULE]").run()
  File "/home/d4sharma/miniconda3/envs/qiita-web/lib/python3.9/site-packages/gunicorn/app/base.py", line 236, in run
    super().run()
  File "/home/d4sharma/miniconda3/envs/qiita-web/lib/python3.9/site-packages/gunicorn/app/base.py", line 72, in run
    Arbiter(self).run()
  File "/home/d4sharma/miniconda3/envs/qiita-web/lib/python3.9/site-packages/gunicorn/arbiter.py", line 229, in run
    self.halt(reason=inst.reason, exit_status=inst.exit_status)
  File "/home/d4sharma/miniconda3/envs/qiita-web/lib/python3.9/site-packages/gunicorn/arbiter.py", line 342, in halt
    self.stop()
  File "/home/d4sharma/miniconda3/envs/qiita-web/lib/python3.9/site-packages/gunicorn/arbiter.py", line 396, in stop
    time.sleep(0.1)
  File "/home/d4sharma/miniconda3/envs/qiita-web/lib/python3.9/site-packages/gunicorn/arbiter.py", line 242, in handle_chld
    self.reap_workers()
  File "/home/d4sharma/miniconda3/envs/qiita-web/lib/python3.9/site-packages/gunicorn/arbiter.py", line 530, in reap_workers
    raise HaltServer(reason, self.WORKER_BOOT_ERROR)
gunicorn.errors.HaltServer: <HaltServer 'Worker failed to boot.' 3>
